/workspace/attention-transformer-v2/scripts/trade_cuda_joules_capture.py:26: FutureWarning: The pynvml package is deprecated. Please install nvidia-ml-py instead. If you did not install pynvml directly, please report this to the maintainers of the package that installed pynvml for you.
  import pynvml

===== prefill_device_resident_12L_1024 exit=0 wall=12.105s =====
============================================================
 Device-resident stack AUDIT layers=12 seq=1024 h=768 iters=3
============================================================
SUSTAIN mode=stack_resident sec=10.017 iters=132 tokens_prefill=135168 ms_per_iter=75.8830
SUSTAIN_JSON {"mode":"stack_resident","wall_s":10.0166,"iters":132,"seq":1024,"layers":12,"hidden":768,"ms_per_iter":75.88304,"tokens_prefill":135168}
============================================================


===== decode_gen_resident_batch_2048_64 exit=0 wall=10.895s =====
SUSTAIN mode=gen_resident_batch sec=10.000 iters=3416 tokens=218624 ms_per_iter=2.9274
SUSTAIN_JSON {"mode":"gen_resident_batch","wall_s":10.0000,"iters":3416,"tokens":218624,"prefill_seq":2048,"decode_steps":64,"final_seq":2112,"ms_per_iter":2.92741}


===== TRADE_SUMMARY =====
{
  "hardware": "NVIDIA H100 NVL",
  "lane": "TRADE CUDA (device-resident stack + resident-batch decode)",
  "shape": "12 layers, h=768, heads=12, mlp=3072",
  "method": "J \u2248 median_GPU_W \u00d7 wall_s; J/token = J / tokens from sustain loop",
  "prefill_sec": 10.0,
  "decode_sec": 10.0,
  "idle_after": {
    "median_W": 97.47999999999999,
    "min_W": 65.001,
    "max_W": 155.284,
    "n": 30
  },
  "runs": [
    {
      "label": "prefill_device_resident_12L_1024",
      "cmd": [
        "/workspace/attention-transformer-v2/target/release/examples/cuda_stack_device_resident_audit",
        "12",
        "1024",
        "768",
        "12",
        "3072",
        "3"
      ],
      "wall_s_outer": 12.105370393954217,
      "wall_s": 10.0166,
      "tokens": 0,
      "median_W": 177.009,
      "mean_W": 159.5704045138889,
      "min_W": 63.622,
      "max_W": 178.417,
      "power_samples": 601,
      "J_total_nvml": 1773.0283494,
      "J_per_token_nvml": NaN,
      "sustain": {
        "mode": "stack_resident",
        "wall_s": 10.0166,
        "iters": 132,
        "seq": 1024,
        "layers": 12,
        "hidden": 768,
        "ms_per_iter": 75.88304,
        "tokens_prefill": 135168
      },
      "stack": {},
      "has_nvml": true
    },
    {
      "label": "decode_gen_resident_batch_2048_64",
      "cmd": [
        "/workspace/attention-transformer-v2/target/release/examples/cuda_decode_kv_bench",
        "2048",
        "64",
        "768",
        "12",
        "3072",
        "3"
      ],
      "wall_s_outer": 10.894622622057796,
      "wall_s": 10.0,
      "tokens": 218624,
      "median_W": 168.979,
      "mean_W": 163.90025968992248,
      "min_W": 98.401,
      "max_W": 170.413,
      "power_samples": 541,
      "J_total_nvml": 1689.7900000000002,
      "J_per_token_nvml": 0.00772920630854801,
      "sustain": {
        "mode": "gen_resident_batch",
        "wall_s": 10.0,
        "iters": 3416,
        "tokens": 218624,
        "prefill_seq": 2048,
        "decode_steps": 64,
        "final_seq": 2112,
        "ms_per_iter": 2.92741
      },
      "stack": {},
      "has_nvml": true
    }
  ],
  "has_nvml": true
}
WROTE /workspace/trade_cuda_joules
