+ uv venv /root/sgl --python 3.11
Using CPython 3.11.10 interpreter at: /usr/bin/python3.11
Creating virtual environment at: sgl
Activate with: source sgl/bin/activate
+ source /root/sgl/bin/activate
++ '[' -z '' ']'
++ '[' -n x ']'
++ SCRIPT_PATH=/root/sgl/bin/activate
++ '[' /root/sgl/bin/activate = /root/upload/kit/pod_setup.sh ']'
++ deactivate nondestructive
++ unset -f pydoc
++ '[' -z '' ']'
++ '[' -z '' ']'
++ hash -r
++ '[' -z '' ']'
++ unset VIRTUAL_ENV
++ unset VIRTUAL_ENV_PROMPT
++ '[' '!' nondestructive = nondestructive ']'
++ VIRTUAL_ENV=/root/sgl
++ '[' linux-gnu = cygwin ']'
++ '[' linux-gnu = msys ']'
++ export VIRTUAL_ENV
++ '[' -z '' ']'
++ unset SCRIPT_PATH
++ _OLD_VIRTUAL_PATH=/usr/local/sbin:/usr/local/bin:/usr/sbin:/usr/bin:/sbin:/bin:/usr/games:/usr/local/games:/snap/bin
++ PATH=/root/sgl/bin:/usr/local/sbin:/usr/local/bin:/usr/sbin:/usr/bin:/sbin:/bin:/usr/games:/usr/local/games:/snap/bin
++ export PATH
++ '[' x '!=' x ']'
+++ basename /root/sgl
++ VIRTUAL_ENV_PROMPT=sgl
++ export VIRTUAL_ENV_PROMPT
++ '[' -z '' ']'
++ '[' -z '' ']'
++ _OLD_VIRTUAL_PS1=
++ PS1='(sgl) '
++ export PS1
++ alias pydoc
++ true
++ hash -r
++ date +%s
+ T0=1790456990
+ '[' 570 -ge 580 ']'
+ echo 'driver 570 < 580: SGLang 0.5.20 needs CUDA 13; using the CUDA 12.9 lane (sglang 0.5.19, last CUDA 12 release)'
driver 570 < 580: SGLang 0.5.20 needs CUDA 13; using the CUDA 12.9 lane (sglang 0.5.19, last CUDA 12 release)
+ printf 'flashinfer-python==0.6.18\nnvidia-cutlass-dsl==4.6.2\ncuda-python>=12.9,<13\ntorch==2.13.0+cu129\n'
+ uv pip install --prerelease=allow sglang==0.5.19 sglang-kernel==0.4.6.post1+cu129 nvidia-ml-py --override /tmp/sgl_overrides.txt --extra-index-url https://docs.sglang.ai/whl/cu129/ --extra-index-url https://download.pytorch.org/whl/cu129 --extra-index-url https://flashinfer.ai/whl/cu129/ --index-strategy unsafe-best-match
+ tail -15
 + triton==3.7.1
 + truststore==0.10.4
 + typer==0.27.2
 + typing-extensions==4.16.0
 + typing-inspection==0.4.4
 + urllib3==2.8.0
 + uvicorn==0.54.0
 + uvloop==0.22.1
 + watchfiles==1.3.0
 + wcwidth==0.9.1
 + xgrammar==0.2.1
 + xxhash==4.0.1
 + yarl==1.25.1
 + z3-solver==4.15.4.0
 + zstandard==0.25.0
++ date +%s
+ echo 'INSTALL_SECONDS 91'
INSTALL_SECONDS 91
+ python -c 'import sglang,torch;print('\''sglang'\'',sglang.__version__,'\''torch'\'',torch.__version__,torch.version.cuda,torch.cuda.is_available())'
Traceback (most recent call last):
  File "<string>", line 1, in <module>
  File "/root/sgl/lib/python3.11/site-packages/sglang/__init__.py", line 21, in <module>
    from sglang.srt.utils.hf_transformers_patches import apply_all as _apply_hf_patches
  File "/root/sgl/lib/python3.11/site-packages/sglang/srt/utils/__init__.py", line 2, in <module>
    from sglang.srt.utils.common import *
  File "/root/sgl/lib/python3.11/site-packages/sglang/srt/utils/common.py", line 95, in <module>
    from torchvision.io import decode_jpeg
  File "/root/sgl/lib/python3.11/site-packages/torchvision/__init__.py", line 8, in <module>
    from torchvision import (
  File "/root/sgl/lib/python3.11/site-packages/torchvision/_meta_registrations.py", line 163, in <module>
    @torch.library.register_fake("torchvision::nms")
     ^^^^^^^^^^^^^^^^^^^^^^^^^^^^^^^^^^^^^^^^^^^^^^^
  File "/root/sgl/lib/python3.11/site-packages/torch/library.py", line 1262, in register
    use_lib._register_fake(
  File "/root/sgl/lib/python3.11/site-packages/torch/library.py", line 352, in _register_fake
    handle = entry.fake_impl.register(
             ^^^^^^^^^^^^^^^^^^^^^^^^^
  File "/root/sgl/lib/python3.11/site-packages/torch/_library/fake_impl.py", line 87, in register
    lib.impl(self.qualname, meta_kernel, "Meta", allow_override=allow_override)
  File "/root/sgl/lib/python3.11/site-packages/torch/library.py", line 493, in impl
    if torch._C._dispatch_has_kernel_for_dispatch_key(
       ^^^^^^^^^^^^^^^^^^^^^^^^^^^^^^^^^^^^^^^^^^^^^^^
RuntimeError: operator torchvision::nms does not exist
+ python -c 'import sglang.srt.batch_invariant_ops as b,hashlib,os;f=os.path.join(os.path.dirname(b.__file__),'\''batch_invariant_ops.py'\'');print('\''batch_invariant_ops vendored at'\'',f,'\''sha256'\'',hashlib.sha256(open(f,'\''rb'\'').read()).hexdigest())'
Traceback (most recent call last):
  File "<string>", line 1, in <module>
  File "/root/sgl/lib/python3.11/site-packages/sglang/__init__.py", line 21, in <module>
    from sglang.srt.utils.hf_transformers_patches import apply_all as _apply_hf_patches
  File "/root/sgl/lib/python3.11/site-packages/sglang/srt/utils/__init__.py", line 2, in <module>
    from sglang.srt.utils.common import *
  File "/root/sgl/lib/python3.11/site-packages/sglang/srt/utils/common.py", line 95, in <module>
    from torchvision.io import decode_jpeg
  File "/root/sgl/lib/python3.11/site-packages/torchvision/__init__.py", line 8, in <module>
    from torchvision import (
  File "/root/sgl/lib/python3.11/site-packages/torchvision/_meta_registrations.py", line 163, in <module>
    @torch.library.register_fake("torchvision::nms")
     ^^^^^^^^^^^^^^^^^^^^^^^^^^^^^^^^^^^^^^^^^^^^^^^
  File "/root/sgl/lib/python3.11/site-packages/torch/library.py", line 1262, in register
    use_lib._register_fake(
  File "/root/sgl/lib/python3.11/site-packages/torch/library.py", line 352, in _register_fake
    handle = entry.fake_impl.register(
             ^^^^^^^^^^^^^^^^^^^^^^^^^
  File "/root/sgl/lib/python3.11/site-packages/torch/_library/fake_impl.py", line 87, in register
    lib.impl(self.qualname, meta_kernel, "Meta", allow_override=allow_override)
  File "/root/sgl/lib/python3.11/site-packages/torch/library.py", line 493, in impl
    if torch._C._dispatch_has_kernel_for_dispatch_key(
       ^^^^^^^^^^^^^^^^^^^^^^^^^^^^^^^^^^^^^^^^^^^^^^^
RuntimeError: operator torchvision::nms does not exist
+ uv pip list
+ grep -iE '^(sglang|torch |flashinfer|sgl|sglang-kernel|triton|transformers|deep|cuda-python|nvidia-cublas)'
cuda-python                  12.9.7
flashinfer-python            0.6.18
nvidia-cublas-cu12           12.9.1.4
sgl-deep-ep                  0.1.2
sgl-deep-gemm                0.1.7+cu129
sglang                       0.5.19
sglang-kernel                0.4.6.post1+cu129
torch                        2.13.0+cu129
transformers                 5.12.1
triton                       3.7.1
+ echo SGL_DONE
SGL_DONE
