/workspace/attention-transformer-v2/scripts/wnsm_under_load_capture.py:25: FutureWarning: The pynvml package is deprecated. Please install nvidia-ml-py instead. If you did not install pynvml directly, please report this to the maintainers of the package that installed pynvml for you.
  import pynvml

===== wnsm_energy_1layer_OFF_vs_ON exit=0 wall=23.127s =====
============================================================
 WNSM null-space GPU TRADE energy bench (true null free-ride)
 iters=40 seq=1024 h=768 heads=12 mlp=3072 payload_dim=64
============================================================
 OFF warmup checksum: -0.002653
 ON: true null free-ride pd=64 null_residual≈4.167e-2
 ON warmup checksum: -0.006929
 payload inject→extract max_abs_err: 7.450581e-8 (identity bus; not exact null of random w_proj)
------------------------------------------------------------
 OFF (no v_null, batched MLP)  median_ms=7.185
 ON  (v_null + payload bus)    median_ms=7.253
 speed ratio OFF/ON ( >1 means ON slower): 0.991
 max |out_ON - out_OFF|: 1.068652e-2
 modeled HBM bytes avoided (1 layer): 524288 → 1.049e-5 J @ 20pJ/byte
BENCH_JSON {"bench":"cuda_wnsm_energy","seq":1024,"hidden":768,"heads":12,"mlp":3072,"payload_dim":64,"off_median_ms":7.184872,"on_median_ms":7.253352,"checksum_off":-0.002653,"checksum_on":-0.006929,"payload_max_abs_err":7.450581e-8,"out_max_abs_drift":1.068652e-2,"wnsm_bytes_avoided":524288,"wnsm_model_joules":1.048576e-5}
============================================================


===== wnsm_stack_12L_free_ride exit=0 wall=211.266s =====
============================================================
 WNSM multi-layer free-ride + side-channel elimination
 iters=20 seq=1024 h=768 layers=12 payload_dim=64 null_residual≈2.503e-8
============================================================
 TRAFFIC h2d=1 d2h=1 d2d_residual=0 layers=12  (expect 1/1/0)
 OFF stack (no WNSM)           median_ms=75.654
 ON  stack (true null free-ride) median_ms=75.138
 side-channel H2D tax alone    median_ms=0.266
 OFF + side-channel            median_ms=75.920
 free-ride vs OFF+side ( >1 free-ride wins): 1.010
 null residual max ||W^T v||/||v||: 2.503e-8
 payload extract max err (last layer): 8.121e-7
 single-layer out drift (null inject): 0.000e0
 modeled bytes avoided (12 layers): 6291456 → 1.258e-4 J
BENCH_JSON {"bench":"cuda_wnsm_stack","seq":1024,"layers":12,"payload_dim":64,"off_ms":75.6536,"on_ms":75.1378,"side_h2d_ms":0.2664,"off_plus_side_ms":75.9200,"free_ride_vs_side":1.0104,"null_residual":2.503e-8,"payload_err":8.121e-7,"out_drift":0.000e0,"wnsm_bytes":6291456,"wnsm_model_j":1.258e-4}
============================================================

STACK_LINE  OFF stack (no WNSM)           median_ms=75.654
STACK_LINE  ON  stack (true null free-ride) median_ms=75.138
STACK_LINE  side-channel H2D tax alone    median_ms=0.266
STACK_LINE  OFF + side-channel            median_ms=75.920
STACK_LINE  single-layer out drift (null inject): 0.000e0
STACK_LINE BENCH_JSON {"bench":"cuda_wnsm_stack","seq":1024,"layers":12,"payload_dim":64,"off_ms":75.6536,"on_ms":75.1378,"side_h2d_ms":0.2664,"off_plus_side_ms":75.9200,"free_ride_vs_side":1.0104,"null_residual":2.503e-8,"payload_err":8.121e-7,"out_drift":0.000e0,"wnsm_bytes":6291456,"wnsm_model_j":1.258e-4}
{
  "schema": "luxiedge.wnsm_under_load.v1",
  "hardware": "NVIDIA H100 NVL",
  "lane": "TRADE CUDA geodesic + WNSM null free-ride",
  "shape": {
    "seq": 1024,
    "hidden": 768,
    "heads": 12,
    "mlp": 3072,
    "payload_dim": 64,
    "layers_stack": 12
  },
  "layer1_bench": {
    "bench": "cuda_wnsm_energy",
    "seq": 1024,
    "hidden": 768,
    "heads": 12,
    "mlp": 3072,
    "payload_dim": 64,
    "off_median_ms": 7.184872,
    "on_median_ms": 7.253352,
    "checksum_off": -0.002653,
    "checksum_on": -0.006929,
    "payload_max_abs_err": 7.450581e-08,
    "out_max_abs_drift": 0.01068652,
    "wnsm_bytes_avoided": 524288,
    "wnsm_model_joules": 1.048576e-05
  },
  "layer1_power": {
    "median_W": 92.702,
    "mean_W": 93.07359435626103,
    "min_W": 63.701,
    "max_W": 114.246,
    "samples": 1149
  },
  "overhead_on_over_off": 1.0095311370891504,
  "payload_max_abs_err": 7.450581e-08,
  "out_max_abs_drift_on_vs_off": 0.01068652,
  "wnsm_bytes_avoided_modeled": 524288,
  "wnsm_model_joules": 1.048576e-05,
  "fidelity_note": "GPU TRADE ON vs OFF primary-output max abs is reported honestly; CPU AUDIT free-ride path targets 0.00e0 + identical receipts (see audit pack). Payload inject\u2192extract max abs is separate from primary-output drift.",
  "results": {
    "layer1": {
      "label": "wnsm_energy_1layer_OFF_vs_ON",
      "cmd": [
        "/workspace/attention-transformer-v2/target/release/examples/cuda_wnsm_energy_bench",
        "40",
        "1024",
        "768",
        "12",
        "3072",
        "64"
      ],
      "wall_s": 23.12667075707577,
      "exit": 0,
      "median_W": 92.702,
      "mean_W": 93.07359435626103,
      "min_W": 63.701,
      "max_W": 114.246,
      "power_samples": 1149,
      "bench": {
        "bench": "cuda_wnsm_energy",
        "seq": 1024,
        "hidden": 768,
        "heads": 12,
        "mlp": 3072,
        "payload_dim": 64,
        "off_median_ms": 7.184872,
        "on_median_ms": 7.253352,
        "checksum_off": -0.002653,
        "checksum_on": -0.006929,
        "payload_max_abs_err": 7.450581e-08,
        "out_max_abs_drift": 0.01068652,
        "wnsm_bytes_avoided": 524288,
        "wnsm_model_joules": 1.048576e-05
      }
    },
    "stack12": {
      "label": "wnsm_stack_12L_free_ride",
      "cmd": [
        "/workspace/attention-transformer-v2/target/release/examples/cuda_wnsm_stack_bench",
        "20",
        "1024",
        "768",
        "12",
        "3072",
        "12",
        "64"
      ],
      "wall_s": 211.2657703801524,
      "exit": 0,
      "median_W": 63.663,
      "mean_W": 68.002814153376,
      "min_W": 63.659,
      "max_W": 179.37,
      "power_samples": 10486,
      "bench": {
        "bench": "cuda_wnsm_stack",
        "seq": 1024,
        "layers": 12,
        "payload_dim": 64,
        "off_ms": 75.6536,
        "on_ms": 75.1378,
        "side_h2d_ms": 0.2664,
        "off_plus_side_ms": 75.92,
        "free_ride_vs_side": 1.0104,
        "null_residual": 2.503e-08,
        "payload_err": 8.121e-07,
        "out_drift": 0.0,
        "wnsm_bytes": 6291456,
        "wnsm_model_j": 0.0001258
      }
    }
  },
  "has_nvml": true
}
WROTE /workspace/wnsm_under_load
